// Jest Snapshot v1, https://goo.gl/fbAQLP

exports[`<App /> render() renders the component 1`] = `
<Router
  history={
    Object {
      "action": "POP",
      "block": [Function],
      "createHref": [Function],
      "go": [Function],
      "goBack": [Function],
      "goForward": [Function],
      "length": 1,
      "listen": [Function],
      "location": Object {
        "hash": "",
        "pathname": "/",
        "search": "",
        "state": undefined,
      },
      "push": [Function],
      "replace": [Function],
    }
  }
>
  <div
    className="App"
  >
    <Header />
  </div>
  <Switch>
    <Route
      component={
        Object {
          "$$typeof": Symbol(react.memo),
          "WrappedComponent": [Function],
          "compare": null,
          "displayName": "Connect(MissionList)",
          "type": [Function],
        }
      }
      exact={true}
      path="/"
    />
    <Route
      component={[Function]}
      exact={true}
      path="/about"
    />
    <Route
      component={
        Object {
          "$$typeof": Symbol(react.memo),
          "WrappedComponent": [Function],
          "compare": null,
          "displayName": "Connect(Mission)",
          "type": [Function],
        }
      }
      path="/mission/:id"
    />
  </Switch>
</Router>
`;
